// Jest Snapshot v1, https://goo.gl/fbAQLP

exports[`Cells should render correctly 1`] = `
<div
  className="App"
>
  <Connect(Calendar) />
</div>
`;
